// Jest Snapshot v1, https://goo.gl/fbAQLP

exports[`home matches the snapshot 1`] = `
<DocumentFragment>
  <nav
    class="navbar navbar-expand-sm navbar-dark bg-dark"
    data-testid="navbar"
  >
    <div
      class="container-fluid"
    >
      <a
        class="navbar-brand ms-2"
        href="/"
      >
        myClowder
      </a>
      <button
        aria-controls="navbarNav"
        aria-expanded="false"
        aria-label="Toggle navigation"
        class="navbar-toggler"
        data-bs-target="#navbarNav"
        data-bs-toggle="collapse"
        type="button"
      >
        <span
          class="navbar-toggler-icon"
        />
      </button>
      <div
        class="collapse navbar-collapse"
        id="navbarNav"
      >
        <ul
          class="navbar-nav me-auto mb-2 mb-lg-0"
        >
          <li
            class="nav-item"
          >
            <a
              class="nav-link"
              href="/kittens"
            >
              Kittens
            </a>
          </li>
          <li
            class="nav-item"
          >
            <a
              class="nav-link"
              href="/growth"
            >
              Growth
            </a>
          </li>
          <li
            class="nav-item"
          >
            <span
              class="d-flex"
            >
              <a
                class="nav-link"
                href="#!"
              >
                Login with Google
              </a>
              <button
                class="nav-link"
                type="button"
              >
                Logout
              </button>
            </span>
          </li>
        </ul>
        <form
          class="d-flex"
        >
          <div
            class="input-group me-2"
          >
            <input
              class="form-control"
              data-testid="search-input"
              placeholder="Search by name"
              type="text"
              value=""
            />
            <input
              class="btn btn-outline-secondary"
              data-testid="search-button"
              type="submit"
              value="Search"
            />
            <input
              class="btn btn-outline-secondary"
              data-testid="reset-button"
              type="button"
              value="Reset"
            />
          </div>
        </form>
      </div>
    </div>
  </nav>
  <div
    class="container mt-3 w-100"
  >
    <div
      class="w-100 d-flex justify-content-evenly text-center"
      data-testid="dashboard"
    >
      <a
        class="card w-50 text-reset text-decoration-none m-2 py-5"
        data-testid="kittendisplay-link"
        href="/kittens"
      >
        <h2
          class="card-title display-2"
        >
          My Kittens
        </h2>
      </a>
      <a
        class="card w-50 text-reset text-decoration-none m-2 py-5"
        data-testid="growthdisplay-link"
        href="/growth"
      >
        <h2
          class="card-title display-2"
        >
          Growth Chart
        </h2>
      </a>
    </div>
  </div>
</DocumentFragment>
`;
